# dmidecode 3.0
Getting SMBIOS data from sysfs.
SMBIOS 2.4 present.

Handle 0x0000, DMI type 0, 24 bytes
BIOS Information
	Vendor: Dell Inc.
	Version: A02
	Release Date: 01/14/2008
	Address: 0xF0000
	Runtime Size: 64 kB
	ROM Size: 2048 kB
	Characteristics:
		ISA is supported
		PCI is supported
		PC Card (PCMCIA) is supported
		PNP is supported
		BIOS is upgradeable
		BIOS shadowing is allowed
		Boot from CD is supported
		Selectable boot is supported
		3.5"/720 kB floppy services are supported (int 13h)
		Print screen service is supported (int 5h)
		8042 keyboard services are supported (int 9h)
		Serial services are supported (int 14h)
		Printer services are supported (int 17h)
		CGA/mono video services are supported (int 10h)
		ACPI is supported
		USB legacy is supported
		AGP is supported
		Smart battery is supported
		BIOS boot specification is supported
		Function key-initiated network boot is supported
		Targeted content distribution is supported
	BIOS Revision: 0.2
	Firmware Revision: 0.2

Handle 0x0100, DMI type 1, 27 bytes
System Information
	Manufacturer: Dell Inc.
	Product Name: Latitude D530                   
	Version: Not Specified
	Serial Number: 2VS6H3J
	UUID: 44454C4C-5600-1053-8036-B2C04F48334A
	Wake-up Type: Power Switch
	SKU Number: Not Specified
	Family:  

