  *-firmware
       description: BIOS
       vendor: Dell Inc.
       physical id: 0
       version: A02
       date: 01/14/2008
       size: 64KiB
       capacity: 1984KiB
       capabilities: isa pci pcmcia pnp upgrade shadowing cdboot bootselect int13floppy720 int5printscreen int9keyboard int14serial int17printer int10video acpi usb agp smartbattery biosbootspecification netboot
  *-cache:0
       description: L1 cache
       physical id: 700
       size: 32KiB
       capacity: 32KiB
       capabilities: internal write-back data
       configuration: level=1
  *-cache:1
       description: L2 cache
       physical id: 701
       size: 4MiB
       capacity: 4MiB
       clock: 66MHz (15.0ns)
       capabilities: pipeline-burst internal varies unified
       configuration: level=2
  *-memory
       description: System Memory
       physical id: 1000
       slot: System board or motherboard
       size: 2GiB
     *-bank:0
          description: DIMM DDR Synchronous 667 MHz (1.5 ns)
          product: HYMP125S64CP8-Y5
          vendor: Hynix Semiconductor (Hyundai Electronics)
          physical id: 0
          serial: 000010EE
          slot: DIMM_A
          size: 2GiB
          width: 64 bits
          clock: 667MHz (1.5ns)
     *-bank:1
          description: DIMM DDR Synchronous [empty]
          physical id: 1
          slot: DIMM_B
          width: 64 bits
