              total        used        free      shared  buff/cache   available
Mem:           1991          79        1522           8         389        1746
Swap:             0           0           0
