BIOS Information
	Vendor: Dell Inc.
	Version: A02
	Release Date: 01/14/2008
